// Jest Snapshot v1, https://goo.gl/fbAQLP

exports[`Admin Review List  snapshot 1`] = `
<Router
  history={
    Object {
      "action": "POP",
      "block": [Function],
      "createHref": [Function],
      "go": [Function],
      "goBack": [Function],
      "goForward": [Function],
      "listen": [Function],
      "location": Object {
        "hash": "",
        "pathname": "/",
        "search": "",
        "state": undefined,
      },
      "push": [Function],
      "replace": [Function],
    }
  }
  staticContext={Object {}}
>
  <withRouter(App)>
    <ContextProvider>
      <withRouter(AdminReviewList)
        key="6"
      >
        <Header />
        <section
          key="301"
        >
          <form
            onSubmit={[Function]}
          >
            <fieldset>
              <legend>
                Add Game Review
              </legend>
              <label
                htmlFor="title"
              >
                Title:
                <input
                  name="title"
                  type="text"
                />
              </label>
              <br />
              <label
                htmlFor="review"
              >
                Review: 
                <br />
                <textarea
                  name="review"
                  placeholder="add review here"
                />
              </label>
              <br />
              <label
                htmlFor="link"
              >
                Link to Buy:
                <input
                  name="link"
                  type="url"
                />
              </label>
              <br />
              <select
                name="game_type"
              >
                <option
                  value=""
                >
                  Game Type:
                </option>
                <option
                  value="video"
                >
                  Video
                </option>
                <option
                  value="tabletop"
                >
                  Tabletop
                </option>
              </select>
            </fieldset>
            <button
              type="submit"
            >
              Add Review
            </button>
          </form>
        </section>
        <h2>
          Review List
        </h2>
        <withRouter(AdminReview)
          key="288"
          review={
            Object {
              "game_type": "tabletop",
              "link": "http://www.notArealSite.com",
              "picture": "['http://ecx.images-amazon.com/images/I/51l4YWeAEvL._SY300_.jpg']",
              "review": "This was the best game ever!",
              "title": "Test Review 1",
            }
          }
        />
        <withRouter(AdminReview)
          key="288"
          review={
            Object {
              "game_type": "tabletop",
              "link": "http://www.notArealSite.com",
              "picture": "['http://ecx.images-amazon.com/images/I/51l4YWeAEvL._SY300_.jpg']",
              "review": "This was an ok game.",
              "title": "Test Review 2",
            }
          }
        />
        <Pagination
          items={
            Array [
              Object {
                "game_type": "tabletop",
                "link": "http://www.notArealSite.com",
                "picture": "['http://ecx.images-amazon.com/images/I/51l4YWeAEvL._SY300_.jpg']",
                "review": "This was the best game ever!",
                "title": "Test Review 1",
              },
              Object {
                "game_type": "tabletop",
                "link": "http://www.notArealSite.com",
                "picture": "['http://ecx.images-amazon.com/images/I/51l4YWeAEvL._SY300_.jpg']",
                "review": "This was an ok game.",
                "title": "Test Review 2",
              },
            ]
          }
          page={0}
          pageLimit={10}
          setPage={[Function]}
        />
      </withRouter(AdminReviewList)>
    </ContextProvider>
  </withRouter(App)>
</Router>
`;
