// Jest Snapshot v1, https://goo.gl/fbAQLP

exports[`LandingPage snapshot 1`] = `
<Fragment>
  <Nav />
  <section>
    <div
      className="logoContainer"
    >
      <img
        alt="clayton game corrin big logo"
        src="largelogo.png"
      />
    </div>
    <p />
  </section>
  <Route
    component={[Function]}
    path="/game/review/tabletop"
  />
  <Route
    component={[Function]}
    path="/game/review/video"
  />
  <Route
    component={[Function]}
    exact={true}
    path="/game/upcoming"
  />
</Fragment>
`;
