// Jest Snapshot v1, https://goo.gl/fbAQLP

exports[`LandingPage snapshot 1`] = `
<Fragment>
  <section
    className="landing-page-header"
  >
    <div
      className="logo-container"
    >
      <img
        alt="clayton game corrin big logo"
        src="largelogo.png"
      />
    </div>
  </section>
  <MediaQuery
    maxWidth={700}
  >
    <withRouter(Nav) />
  </MediaQuery>
  <MediaQuery
    minWidth={701}
  >
    <withRouter(LandingNav) />
  </MediaQuery>
  <section
    className="landing-page-bio"
  >
    <p />
  </section>
  <section
    className="landing-page-header test-instructions"
  >
    <p>
      Demo Admin Click:
      <Link
        to="/admin"
      >
        Admin Login Page
      </Link>
      <br />
      You will then be routed to the admin login page where email and password will be required. For demostration purposes credentials will be on login page.
    </p>
  </section>
  <Route
    component={[Function]}
    path="/game/review/tabletop"
  />
  <Route
    component={[Function]}
    path="/game/review/video"
  />
  <Route
    component={[Function]}
    exact={true}
    path="/game/upcoming"
  />
</Fragment>
`;
