// Jest Snapshot v1, https://goo.gl/fbAQLP

exports[`LandingPage snapshot 1`] = `
<Fragment>
  <withRouter(Nav) />
  <section>
    <div
      className="logoContainer"
    >
      <img
        alt="clayton game corrin big logo"
        src="largelogo.png"
      />
    </div>
    <p />
  </section>
  <section>
    <p>
      To get to and demo Admin Click: 
      <br />
      <Link
        to="/admin"
      >
        Admin Login Page
      </Link>
      <br />
      You will then be routed to the admin login page where email and password will be required. For demostration purposes credentials will be on login page.
    </p>
  </section>
  <Route
    component={[Function]}
    path="/game/review/tabletop"
  />
  <Route
    component={[Function]}
    path="/game/review/video"
  />
  <Route
    component={[Function]}
    exact={true}
    path="/game/upcoming"
  />
</Fragment>
`;
