// Jest Snapshot v1, https://goo.gl/fbAQLP

exports[`LandingPage snapshot 1`] = `
<Fragment>
  <section
    className="landing-page-header"
  >
    <div
      className="logo-container"
    >
      <img
        alt="clayton game corrin big logo"
        src="largelogo.png"
      />
    </div>
  </section>
  <MediaQuery
    maxWidth={700}
  >
    <withRouter(Nav) />
  </MediaQuery>
  <MediaQuery
    minWidth={701}
  >
    <withRouter(LandingNav) />
  </MediaQuery>
  <section
    className="landing-page-bio"
  >
    <p />
  </section>
  <section
    style={
      Object {
        "backgroundColor": "var(--mainColor)",
        "color": "white",
        "display": "flex",
        "margin": "auto",
        "padding": "100px",
        "width": "100%",
      }
    }
  >
    <p
      style={
        Object {
          "margin": "50px auto",
        }
      }
    >
      Demo Admin Click:
      <Link
        style={
          Object {
            "color": "white",
          }
        }
        to="/admin"
      >
         Admin Login Page
      </Link>
    </p>
  </section>
  <Route
    component={[Function]}
    path="/game/review/tabletop"
  />
  <Route
    component={[Function]}
    path="/game/review/video"
  />
  <Route
    component={[Function]}
    exact={true}
    path="/game/upcoming"
  />
</Fragment>
`;
